// Jest Snapshot v1, https://goo.gl/fbAQLP

exports[`Testing POSTS screen:  Should render and match snapshot  1`] = `ReactWrapper {}`;
