// Jest Snapshot v1, https://goo.gl/fbAQLP

exports[`Testing [[33mUSER[39m] screen:  Should render and match snapshot  1`] = `ReactWrapper {}`;
