// Jest Snapshot v1, https://goo.gl/fbAQLP

exports[`SwitchedPostComponent testing:  Should render correctly in "debug" mode and to match snapshot 1`] = `ShallowWrapper {}`;
