// Jest Snapshot v1, https://goo.gl/fbAQLP

exports[`Testing SVG Button component Should match snapshot 1`] = `ReactWrapper {}`;
