// Jest Snapshot v1, https://goo.gl/fbAQLP

exports[`Testing Switch component Should match snapshot 1`] = `ReactWrapper {}`;
