// Jest Snapshot v1, https://goo.gl/fbAQLP

exports[`Testing TextArea component Should match snapshot 1`] = `ReactWrapper {}`;
