// Jest Snapshot v1, https://goo.gl/fbAQLP

exports[`Testing [[33mUpdatePost[39m] graphql query:  Should render Component and match snapshot 1`] = `ReactWrapper {}`;
