// Jest Snapshot v1, https://goo.gl/fbAQLP

exports[`Testing QueryPosts() graphql query:  Should render Component and match snapshot 1`] = `ReactWrapper {}`;
