// Jest Snapshot v1, https://goo.gl/fbAQLP

exports[`Testing [[33mNoMatchRoute[39m] component Should match snapshot 1`] = `ReactWrapper {}`;
