// Jest Snapshot v1, https://goo.gl/fbAQLP

exports[`Testing content layout component:  Should match snapshot 1`] = `ReactWrapper {}`;
